
> digitalizing_docs@0.1.0 build
> next build

Γû▓ Next.js 16.1.6 (Turbopack)
- Environments: .env.local

node.exe : ΓÜá 
The "middleware" 
file convention 
is deprecated. 
Please use 
"proxy" instead. 
Learn more: https
://nextjs.org/doc
s/messages/middle
ware-to-proxy
At line:1 char:1
+ & "C:\Program F
iles\nodejs/node.
exe" "C:\Program 
Files\nodejs/node
_mo ...
+ ~~~~~~~~~~~~~~~
~~~~~~~~~~~~~~~~~
~~~~~~~~~~~~~~~~~
~~~~~~~~~~~~~~~~~
~~~
    + CategoryIn 
   fo            
  : NotSpecifi   
 ed: (ΓÜá The    
 "middle...l    
eware-to-pro    
xy:String) [    
], RemoteExc    
eption
    + FullyQuali 
   fiedErrorId   
  : NativeComm   
 andError
 
  Creating an optimized production build ...

> Build error 
occurred
Error: Turbopack 
build failed 
with 2 errors:
./src/app/login/p
age.tsx:4:10
Ecmascript file 
had an error
[0m [90m 2 
|[39m 
[36mimport[39m 
{ [33mLock[39m
[33m,[39m [33mM
ail[39m[33m,[3
9m [33mEye[39m
[33m,[39m [33mE
yeOff[39m[33m,
[39m [33mLoader2
[39m } 
[36mfrom[39m [
32m"lucide-react"
[39m
 [90m 3 |[39m 
[36mimport[39m 
{ createClient } 
[36mfrom[39m [
32m"@/lib/supabas
e/client"[39m
[31m[1m>[22m[
39m[90m 4 
|[39m 
[36mimport[39m 
{ useRouter } 
[36mfrom[39m [
32m"next/navigati
on"[39m
 [90m   |[39m  
        [31m[1m
^[22m[39m[31m
[1m^[22m[39m[3
1m[1m^[22m[39m
[31m[1m^[22m[
39m[31m[1m^[22
m[39m[31m[1m^
[22m[39m[31m[1
m^[22m[39m[31m
[1m^[22m[39m[
31m[1m^[22m[39
m
 [90m 5 |[39m
 [90m 6 |[39m 
[36mexport[39m 
[36mdefault[39m
 [36mfunction[3
9m [33mLoginPage
[39m() {
 [90m 7 |[39m  
 [36mconst[39m 
[isSignup[33m,[
39m setIsSignup] 
[33m=[39m useSt
ate([36mfalse[3
9m)[0m

You're importing 
a component that 
needs 
`useRouter`. 
This React Hook 
only works in a 
Client 
Component. To 
fix, mark the 
file (or its 
parent) with the 
`"use client"` 
directive.

 Learn more: http
s://nextjs.org/do
cs/app/api-refere
nce/directives/us
e-client




./src/app/login/p
age.tsx:1:10
Ecmascript file 
had an error
[0m[31m[1m>[2
2m[39m[90m 1 
|[39m 
[36mimport[39m 
{ useState } 
[36mfrom[39m 
[32m"react"[39m
 [90m   |[39m  
        [31m[1m
^[22m[39m[31m
[1m^[22m[39m[3
1m[1m^[22m[39m
[31m[1m^[22m[
39m[31m[1m^[22
m[39m[31m[1m^
[22m[39m[31m[1
m^[22m[39m[31m
[1m^[22m[39m
 [90m 2 |[39m 
[36mimport[39m 
{ [33mLock[39m
[33m,[39m [33mM
ail[39m[33m,[3
9m [33mEye[39m
[33m,[39m [33mE
yeOff[39m[33m,
[39m [33mLoader2
[39m } 
[36mfrom[39m [
32m"lucide-react"
[39m
 [90m 3 |[39m 
[36mimport[39m 
{ createClient } 
[36mfrom[39m [
32m"@/lib/supabas
e/client"[39m
 [90m 4 |[39m 
[36mimport[39m 
{ useRouter } 
[36mfrom[39m [
32m"next/navigati
on"[39m[0m

You're importing 
a component that 
needs 
`useState`. This 
React Hook only 
works in a 
Client 
Component. To 
fix, mark the 
file (or its 
parent) with the 
`"use client"` 
directive.

 Learn more: http
s://nextjs.org/do
cs/app/api-refere
nce/directives/us
e-client




    at <unknown> 
(./src/app/login/
page.tsx:4:10)
    at <unknown> 
(./src/app/login/
page.tsx:1:10)
